// Jest Snapshot v1, https://goo.gl/fbAQLP

exports[`<App /> Should render correctly compare with snapshot 1`] = `
<div
  className="app"
>
  <h1
    className="app__title"
  >
    Tic Tac Toe
  </h1>
  <div
    className="app__game-board"
  >
    <div
      className="gameboard"
    >
      <div
        className="gameboard__row"
      >
        <div
          className="gameboard__col"
        >
          <div
            className="gameboard__tile"
          >
            <label
              className="gameboard__label"
            >
              box 
              1
            </label>
          </div>
        </div>
        <div
          className="gameboard__col"
        >
          <div
            className="gameboard__tile"
          >
            <label
              className="gameboard__label"
            >
              box 
              2
            </label>
          </div>
        </div>
        <div
          className="gameboard__col"
        >
          <div
            className="gameboard__tile"
          >
            <label
              className="gameboard__label"
            >
              box 
              3
            </label>
          </div>
        </div>
      </div>
      <div
        className="gameboard__row"
      >
        <div
          className="gameboard__col"
        >
          <div
            className="gameboard__tile"
          >
            <label
              className="gameboard__label"
            >
              box 
              1
            </label>
          </div>
        </div>
        <div
          className="gameboard__col"
        >
          <div
            className="gameboard__tile"
          >
            <label
              className="gameboard__label"
            >
              box 
              2
            </label>
          </div>
        </div>
        <div
          className="gameboard__col"
        >
          <div
            className="gameboard__tile"
          >
            <label
              className="gameboard__label"
            >
              box 
              3
            </label>
          </div>
        </div>
      </div>
      <div
        className="gameboard__row"
      >
        <div
          className="gameboard__col"
        >
          <div
            className="gameboard__tile"
          >
            <label
              className="gameboard__label"
            >
              box 
              1
            </label>
          </div>
        </div>
        <div
          className="gameboard__col"
        >
          <div
            className="gameboard__tile"
          >
            <label
              className="gameboard__label"
            >
              box 
              2
            </label>
          </div>
        </div>
        <div
          className="gameboard__col"
        >
          <div
            className="gameboard__tile"
          >
            <label
              className="gameboard__label"
            >
              box 
              3
            </label>
          </div>
        </div>
      </div>
    </div>
  </div>
  <footer>
    <p
      className="app__author"
    >
      Created by 
      <strong>
        Louis Phang
      </strong>
    </p>
  </footer>
</div>
`;
